Starting
Tue Jan 13 02:59:23 PM EST 2026
Module loading
Activating env
Starting post-training with spaCy
[38;5;4mℹ Saving to output directory: output[0m
[38;5;4mℹ Using GPU: 0[0m
[1m
=========================== Initializing pipeline ===========================[0m
[38;5;2m✔ Initialized pipeline[0m
[1m
============================= Training pipeline =============================[0m
[38;5;4mℹ Pipeline: ['transformer', 'tagger', 'morphologizer',
'trainable_lemmatizer', 'parser'][0m
[38;5;4mℹ Initial learn rate: 0.0[0m
E    #       LOSS TRANS...  LOSS TAGGER  LOSS MORPH...  LOSS TRAIN...  LOSS PARSER  TAG_ACC  POS_ACC  MORPH_ACC  LEMMA_ACC  DEP_UAS  DEP_LAS  SENTS_F  SCORE 
---  ------  -------------  -----------  -------------  -------------  -----------  -------  -------  ---------  ---------  -------  -------  -------  ------
  0       0         572.88       337.65         352.67         352.91       733.15     5.11     4.53       2.28      16.01     7.46     7.46     0.14    0.08
  1     200      314292.99    319196.98      350968.16      351787.32    378856.61    60.19    35.56      26.11      22.62    61.52    44.57    32.49    0.42
  3     400      207663.11    134540.02      315548.78      337046.23    216591.74    94.98    93.65      48.60      36.77    75.89    68.77    39.30    0.69
  5     600      180069.89     20617.27      189899.67      239452.02    169840.42    97.73    97.16      80.35      59.45    80.07    73.86    53.97    0.81
  7     800      157457.35      7612.75       90135.12      157749.77    137565.97    98.32    97.82      88.58      66.83    82.44    77.37    54.47    0.84
  9    1000      140532.12      4184.56       55755.02      125682.31    115748.58    98.47    98.09      90.87      71.36    83.57    79.00    59.24    0.86
 11    1200      126317.65      2653.41       40352.18      104311.87    100605.92    98.46    98.21      91.96      74.29    84.09    79.74    60.82    0.87
 13    1400      110601.02      1856.62       32727.12       88885.41     87027.16    98.56    98.42      92.84      76.55    84.60    80.35    63.91    0.88
 15    1600      104024.72      1300.83       26776.25       75581.65     79768.76    98.61    98.40      93.28      78.75    84.93    80.82    66.05    0.89
 17    1800       94581.80      1051.62       22600.02       64689.85     71705.86    98.55    98.43      93.47      79.74    84.71    80.82    60.03    0.89
 19    2000       92048.74       820.97       19249.34       56040.77     68337.22    98.59    98.53      93.86      81.43    85.53    81.61    63.15    0.90
 21    2200       78053.27       658.64       16114.48       47309.12     59428.92    98.62    98.47      94.03      82.43    85.94    82.25    67.50    0.90
 23    2400       69429.51       479.75       13465.77       39870.47     53370.88    98.55    98.41      93.97      83.45    85.90    82.13    66.70    0.91
 25    2600       65081.08       430.42       11531.59       33841.07     49616.08    98.54    98.52      94.11      84.29    85.87    82.19    68.13    0.91
 26    2800       59458.31       388.00       10011.85       29038.90     45461.02    98.56    98.55      94.17      84.56    86.09    82.38    70.02    0.91
 28    3000       56675.17       326.17        8316.18       24874.31     42233.43    98.50    98.47      94.32      85.76    85.97    82.12    68.35    0.91
 30    3200       53826.13       286.78        7020.76       20894.87     40714.77    98.56    98.51      94.32      86.14    85.92    82.08    68.99    0.91
 32    3400       49974.49       251.79        6291.33       16639.93     38261.88    98.49    98.48      94.24      86.47    86.16    82.56    69.43    0.91
 34    3600       46694.91       208.01        5336.39       13459.56     36539.34    98.58    98.60      94.10      86.67    86.48    82.74    68.80    0.92
 36    3800       43289.76       220.96        4257.40       11019.49     34675.55    98.63    98.55      94.18      86.85    86.37    82.68    69.34    0.92
 38    4000       41671.54       172.05        3508.75        8725.23     33784.66    98.52    98.52      94.30      87.02    86.27    82.58    68.33    0.92
 40    4200       38112.95       144.29        2987.50        7098.39     32011.25    98.63    98.57      94.22      87.24    86.19    82.42    70.13    0.92
 42    4400       34235.90       141.26        2453.24        5537.03     30184.59    98.55    98.52      94.38      87.17    86.23    82.67    67.75    0.92
 44    4600       34943.31       137.50        2174.60        4474.06     30146.62    98.59    98.60      94.32      87.35    86.32    82.61    70.42    0.92
 46    4800       34948.36       128.80        1790.26        3546.58     30387.42    98.60    98.59      94.17      87.31    86.67    83.03    70.61    0.92
 48    5000       30751.05       110.78        1541.29        2833.17     28723.02    98.59    98.61      94.32      87.29    86.55    83.02    69.17    0.92
 50    5200       29348.55        84.89        1239.27        2240.51     27908.72    98.51    98.50      94.29      87.34    86.45    82.98    70.02    0.92
 52    5400       29257.08        76.72        1049.10        1808.07     28254.96    98.50    98.52      94.14      87.43    86.83    83.41    70.01    0.92
 54    5600       27272.91        69.96         956.51        1530.70     27379.46    98.49    98.48      94.13      87.44    86.54    83.02    70.45    0.92
 55    5800       25571.92        92.86         927.85        1230.23     26637.59    98.59    98.58      94.25      87.52    86.81    83.34    70.59    0.92
 57    6000       23709.69        60.75         661.09        1016.14     26189.77    98.54    98.51      94.34      87.53    86.76    83.37    68.85    0.92
 59    6200       23453.48        79.47         571.12         878.70     26393.82    98.58    98.57      94.39      87.40    86.62    83.13    67.55    0.92
 61    6400       23072.36        81.84         520.88         736.31     25866.00    98.53    98.51      94.31      87.48    87.09    83.64    70.35    0.92
 63    6600       22155.29        72.86         496.25         636.42     25644.49    98.51    98.56      94.24      87.63    86.89    83.40    70.18    0.92
 65    6800       22209.72        62.56         397.54         576.15     26095.72    98.50    98.53      94.31      87.66    86.77    83.18    70.28    0.92
 67    7000       20507.92        78.45         384.98         499.27     24780.72    98.55    98.58      94.30      87.52    86.90    83.43    70.23    0.92
 69    7200       19784.60        57.06         317.75         452.91     25157.61    98.53    98.56      94.32      87.57    86.91    83.30    70.74    0.92
 71    7400       19748.64        43.02         295.07         342.44     25442.11    98.56    98.51      94.35      87.64    86.92    83.34    69.95    0.92
 73    7600       18716.97        77.85         298.89         363.52     24544.71    98.59    98.55      94.29      87.68    87.01    83.53    71.25    0.92
 75    7800       18516.73        47.06         260.39         313.11     24535.89    98.62    98.57      94.20      87.61    87.00    83.49    71.80    0.92
 77    8000       18071.28        46.58         249.73         295.11     24648.81    98.53    98.47      94.31      87.68    87.31    83.74    73.39    0.92
 79    8200       17135.20        32.50         224.39         231.52     24310.27    98.50    98.52      94.25      87.57    87.29    83.72    72.03    0.92
 81    8400       16644.63        29.69         191.10         249.70     24288.39    98.57    98.52      94.09      87.54    87.20    83.65    70.37    0.92
 83    8600       16074.38        32.49         173.76         171.17     23647.40    98.56    98.58      94.20      87.62    87.34    83.83    70.01    0.92
 85    8800       16569.59        32.64         175.16         210.02     24273.13    98.56    98.52      94.27      87.61    87.14    83.68    70.62    0.92
 86    9000       16210.04        42.25         170.46         153.41     24559.68    98.55    98.55      94.36      87.67    87.05    83.64    70.71    0.92
 88    9200       15220.78        23.17         122.04         156.23     23482.84    98.55    98.54      94.33      87.74    87.06    83.60    70.53    0.92
 90    9400       15292.97        33.12         115.82         131.25     23886.56    98.60    98.59      94.25      87.59    87.06    83.70    71.09    0.92
 92    9600       14095.24        27.77         111.12         143.77     23403.14    98.59    98.55      94.40      87.77    87.15    83.74    71.49    0.92
 94    9800       14318.16        23.50         110.99         135.77     23175.79    98.52    98.50      94.16      87.72    87.13    83.71    71.55    0.92
 96   10000       14081.98        23.47          96.47         108.55     23752.89    98.56    98.55      94.25      87.78    87.01    83.55    72.54    0.92
 98   10200       13441.46        29.52          99.53         107.00     23255.37    98.59    98.51      94.29      87.59    87.40    83.94    71.15    0.92
100   10400       13379.69        17.96          99.31         104.72     22868.78    98.64    98.56      94.30      87.64    87.03    83.59    70.34    0.92
102   10600       13379.08        23.13          76.24          87.18     23529.94    98.58    98.54      94.25      87.76    87.45    83.96    72.31    0.92
104   10800       12656.96        14.15          76.79          81.06     23160.44    98.59    98.53      94.29      87.65    87.26    83.90    71.07    0.92
106   11000       12753.49        23.13          96.96          85.20     23021.75    98.54    98.49      94.19      87.67    87.14    83.74    70.49    0.92
108   11200       12815.84        13.95          65.58          90.35     23370.31    98.64    98.56      94.30      87.61    87.44    84.05    71.44    0.92
110   11400       11462.16        12.58          81.04          81.40     22259.19    98.60    98.49      94.35      87.72    87.17    83.80    71.56    0.92
112   11600       11941.52        14.87          71.52          71.72     22634.54    98.57    98.49      94.30      87.70    87.06    83.64    71.72    0.92
114   11800       11584.37        10.65          56.71          67.87     22817.07    98.63    98.55      94.33      87.73    87.22    83.83    71.28    0.92
116   12000       11337.94        13.16          61.25          56.45     22496.30    98.56    98.51      94.39      87.78    87.19    83.85    71.37    0.92
118   12200       11087.35        19.70          56.62          55.81     22480.99    98.59    98.63      94.39      87.80    87.38    83.92    72.44    0.92
119   12400       10943.81         5.09          46.93          54.28     22284.22    98.49    98.55      94.33      87.74    87.24    83.83    72.46    0.92
121   12600       10662.77         6.66          43.93          50.63     22369.89    98.57    98.54      94.35      87.69    87.26    83.88    73.10    0.92
123   12800       10889.46        10.72          56.14          52.17     22528.66    98.54    98.51      94.22      87.69    87.06    83.71    72.40    0.92
125   13000       10610.20        14.68          43.71          51.55     22465.70    98.54    98.53      94.25      87.66    87.07    83.74    71.74    0.92
127   13200       10205.62         5.47          32.66          43.11     22255.01    98.62    98.53      94.25      87.76    87.03    83.58    71.59    0.92
129   13400        9984.50        14.88          45.05          50.66     22001.10    98.59    98.50      94.11      87.71    87.17    83.70    71.27    0.92
131   13600        9952.05         6.17          28.38          47.67     22491.01    98.58    98.52      94.20      87.79    87.28    83.79    71.86    0.92
133   13800        9691.00        10.44          38.17          30.08     22143.13    98.56    98.53      94.33      87.75    87.29    83.86    71.81    0.92
[38;5;2m✔ Saved pipeline to output directory[0m
output/model-last
Post-training finished
Evaluating spaCy model
[38;5;4mℹ Using GPU: 0[0m
[1m
================================== Results ==================================[0m

TOK      100.00
TAG      98.50 
POS      98.43 
MORPH    94.42 
LEMMA    88.17 
UAS      86.35 
LAS      82.70 
SENT P   68.51 
SENT R   68.77 
SENT F   68.64 
SPEED    4926  

[1m
============================== MORPH (per feat) ==============================[0m

                P        R        F
Case        98.96    98.84    98.90
Gender      94.40    94.64    94.52
Number      99.56    99.43    99.50
Aspect      98.53    98.53    98.53
Mood        98.95    98.78    98.86
Person      99.31    98.63    98.97
Tense       98.72    98.65    98.69
VerbForm    99.71    99.64    99.67
Voice       97.95    97.88    97.92
PronType    98.72    98.33    98.53
Degree      96.13    97.51    96.82
Definite    99.44    99.44    99.44
Reflex     100.00   100.00   100.00
Polarity    99.54    98.64    99.09
Poss        92.31    92.31    92.31

[1m
=============================== LAS (per type) ===============================[0m

                   P       R       F
obl:arg        82.59   83.84   83.21
root           84.87   85.20   85.03
nsubj          82.26   81.79   82.02
advmod         74.31   70.31   72.25
advcl          76.09   77.73   76.90
ccomp          73.48   64.67   68.79
discourse      85.24   85.70   85.47
obj            86.75   86.56   86.65
det            94.42   94.42   94.42
nmod           77.58   77.73   77.66
cop            74.78   80.86   77.70
obl            77.44   77.44   77.44
appos          54.05   41.67   47.06
case           96.73   97.50   97.11
acl            58.24   53.00   55.50
mark           88.57   92.74   90.61
nsubj:pass     78.43   84.21   81.22
xcomp          75.00   72.50   73.73
cc             89.16   90.58   89.86
conj           66.11   66.88   66.49
dislocated     46.15   22.22   30.00
amod           80.63   79.91   80.27
parataxis       0.00    0.00    0.00
dep             0.00    0.00    0.00
advcl:cmp      57.89   52.38   55.00
nummod         89.86   88.57   89.21
orphan         40.43   30.16   34.55
fixed          66.67   54.55   60.00
csubj:pass     50.00   16.67   25.00
obl:agent      69.23   40.91   51.43
vocative       67.65   65.71   66.67
csubj          55.56   50.00   52.63
nsubj:outer     0.00    0.00    0.00
aux             0.00    0.00    0.00
aux:pass        0.00    0.00    0.00
flat:name     100.00   85.71   92.31

[38;5;2m✔ Saved results to output/eval_results.json[0m
Evaluation finished
